<?xml version="1.0" encoding="UTF-8"?>
<testsuites name="jest tests" tests="2" failures="0" errors="0" time="1.887">
  <testsuite name="upload file" errors="0" failures="0" skipped="0" timestamp="2026-09-30T11:07:47" time="1.789" tests="2">
    <testcase classname="upload file POST / upload/single file" name="upload file POST / upload/single file" time="0.644">
    </testcase>
    <testcase classname="upload file POST / upload/multiple files" name="upload file POST / upload/multiple files" time="0.803">
    </testcase>
  </testsuite>
</testsuites>